ARM Linker, 5.03 [Build 24] [MDK-ARM Lite]

==============================================================================

Section Cross References

    lab1q2.o(RESET) refers to lab1q2.o(CODE_SEG) for Reset_Handler
    lab1q2.o(CODE_SEG) refers to lab1q2.o(DATA_SEG) for SRC


==============================================================================

Image Symbol Table

    Local Symbols

    Symbol Name                              Value     Ov Type        Size  Object(Section)

    RESET                                    0x00000000   Section        8  lab1q2.o(RESET)
    Lab1Q2.asm                               0x00000000   Number         0  lab1q2.o ABSOLUTE
    CODE_SEG                                 0x00000008   Section       40  lab1q2.o(CODE_SEG)
    DATA_SEG                                 0x10000000   Section       40  lab1q2.o(DATA_SEG)
    SRC                                      0x10000000   Data          40  lab1q2.o(DATA_SEG)

    Global Symbols

    Symbol Name                              Value     Ov Type        Size  Object(Section)

    BuildAttributes$$THM_ISAv4$P$D$K$B$S$PE$A:L22UL41UL21$X:L11$S22US41US21$IEEE1$IW$USESV6$~STKCKD$USESV7$~SHL$OSPACE$EBA8$STANDARDLIB$PRES8$EABIv2 0x00000000   Number         0  anon$$obj.o ABSOLUTE
    __Vectors                                0x00000000   Data           0  lab1q2.o(RESET)
    Reset_Handler                            0x00000009   Thumb Code     0  lab1q2.o(CODE_SEG)



==============================================================================

Memory Map of the image

  Image Entry point : 0x00000009

  Load Region LR_1 (Base: 0x00000000, Size: 0x00000058, Max: 0xffffffff, ABSOLUTE)

    Execution Region ER_RO (Base: 0x00000000, Size: 0x00000030, Max: 0xffffffff, ABSOLUTE)

    Base Addr    Size         Type   Attr      Idx    E Section Name        Object

    0x00000000   0x00000008   Data   RO            1    RESET               lab1q2.o
    0x00000008   0x00000028   Code   RO            2  * CODE_SEG            lab1q2.o


    Execution Region ER_RW (Base: 0x10000000, Size: 0x00000028, Max: 0xffffffff, ABSOLUTE)

    Base Addr    Size         Type   Attr      Idx    E Section Name        Object

    0x10000000   0x00000028   Data   RW            3    DATA_SEG            lab1q2.o


    Execution Region ER_ZI (Base: 0x10000028, Size: 0x00000000, Max: 0xffffffff, ABSOLUTE)

    **** No section assigned to this execution region ****


==============================================================================

Image component sizes


      Code (inc. data)   RO Data    RW Data    ZI Data      Debug   Object Name

        40          8          8         40          0        196   lab1q2.o

    ----------------------------------------------------------------------
        40          8          8         40          0        196   Object Totals
         0          0          0          0          0          0   (incl. Generated)
         0          0          0          0          0          0   (incl. Padding)

    ----------------------------------------------------------------------
         0          0          0          0          0          0   Library Totals
         0          0          0          0          0          0   (incl. Padding)

    ----------------------------------------------------------------------

==============================================================================


      Code (inc. data)   RO Data    RW Data    ZI Data      Debug   

        40          8          8         40          0        196   Grand Totals
        40          8          8         40          0        196   ELF Image Totals
        40          8          8         40          0          0   ROM Totals

==============================================================================

    Total RO  Size (Code + RO Data)                   48 (   0.05kB)
    Total RW  Size (RW Data + ZI Data)                40 (   0.04kB)
    Total ROM Size (Code + RO Data + RW Data)         88 (   0.09kB)

==============================================================================

