


ARM Macro Assembler    Page 1 


    1 00000000                 AREA             RESET,DATA,READONLY
    2 00000000                 EXPORT           __Vectors
    3 00000000         __Vectors
    4 00000000 40001000        DCD              0X40001000
    5 00000004 00000000        DCD              Reset_Handler
    6 00000008                 ALIGN
    7 00000008                 AREA             CODE_SEG,CODE,READONLY
    8 00000000                 ENTRY
    9 00000000                 EXPORT           Reset_Handler
   10 00000000         Reset_Handler
   11 00000000 4809            ldr              r0,=num
   12 00000002 4601            mov              r1,r0
   13 00000004 F101 0124       add              r1,#36
   14 00000008 F04F 0205       mov              r2,#5
   15 0000000C 6803    back    ldr              r3,[r0]
   16 0000000E 680C            ldr              r4,[r1]
   17 00000010 600B            str              r3,[r1]
   18 00000012 6004            str              r4,[r0]
   19 00000014 F100 0004       add              r0,#4
   20 00000018 F1A1 0104       sub              r1,#4
   21 0000001C F1A2 0201       sub              r2,#1
   22 00000020 2A00            cmp              r2,#0
   23 00000022 D1F3            bne              back
   24 00000024 E7FE    STOP    B                STOP
   25 00000026 00 00 00000000  AREA             data,DATA,READWRITE
   26 00000000 00000000 
              00000000 
              00000000 
              00000000 
              00000000 
              00000000 
              00000000 
              00000000 
              00000000 
              00000000 num     dcd              0,0,0,0,0,0,0,0,0,0
   27 00000028                 END
Command Line: --debug --xref --cpu=Cortex-M3 --apcs=interwork --depend=lab1q2.d
 -olab1q2.o -IC:\Keil\ARM\RV31\INC -IC:\Keil\ARM\CMSIS\Include -IC:\Keil\ARM\In
c\NXP\LPC17xx --predefine="__EVAL SETA 1" --list=lab1q2.lst lab1q2.s



ARM Macro Assembler    Page 1 Alphabetic symbol ordering
Relocatable symbols

RESET 00000000

Symbol: RESET
   Definitions
      At line 1 in file lab1q2.s
   Uses
      None
Comment: RESET unused
__Vectors 00000000

Symbol: __Vectors
   Definitions
      At line 3 in file lab1q2.s
   Uses
      At line 2 in file lab1q2.s
Comment: __Vectors used once
2 symbols



ARM Macro Assembler    Page 1 Alphabetic symbol ordering
Relocatable symbols

CODE_SEG 00000000

Symbol: CODE_SEG
   Definitions
      At line 7 in file lab1q2.s
   Uses
      None
Comment: CODE_SEG unused
Reset_Handler 00000000

Symbol: Reset_Handler
   Definitions
      At line 10 in file lab1q2.s
   Uses
      At line 5 in file lab1q2.s
      At line 9 in file lab1q2.s

STOP 00000024

Symbol: STOP
   Definitions
      At line 24 in file lab1q2.s
   Uses
      At line 24 in file lab1q2.s
Comment: STOP used once
back 0000000C

Symbol: back
   Definitions
      At line 15 in file lab1q2.s
   Uses
      At line 23 in file lab1q2.s
Comment: back used once
4 symbols



ARM Macro Assembler    Page 1 Alphabetic symbol ordering
Relocatable symbols

data 00000000

Symbol: data
   Definitions
      At line 25 in file lab1q2.s
   Uses
      None
Comment: data unused
num 00000000

Symbol: num
   Definitions
      At line 26 in file lab1q2.s
   Uses
      At line 11 in file lab1q2.s
Comment: num used once
2 symbols
341 symbols in table
