


ARM Macro Assembler    Page 1 


    1 00000000                 AREA             RESET,DATA,READONLY
    2 00000000                 EXPORT           __Vectors
    3 00000000         __Vectors
    4 00000000 40001000        DCD              0X40001000
    5 00000004 00000000        DCD              Reset_Handler
    6 00000008                 ALIGN
    7 00000008                 AREA             CODE_SEG,CODE,READONLY
    8 00000000                 ENTRY
    9 00000000                 EXPORT           Reset_Handler
   10 00000000         Reset_Handler
   11 00000000 4809            ldr              r0,=result
   12 00000002 F100 0014       add              r0,#20
   13 00000006 4601            mov              r1,r0
   14 00000008 F101 0104       add              r1,#4
   15 0000000C F04F 0305       mov              r3,#5
   16 00000010 6802    back    ldr              r2,[r0]
   17 00000012 600A            str              r2,[r1]
   18 00000014 F1A2 0204       sub              r2,#4
   19 00000018 F1A1 0104       sub              r1,#4
   20 0000001C F1A3 0301       sub              r3,#1
   21 00000020 2B00            cmp              r3,#0
   22 00000022 D1F5            bne              back
   23 00000024 E7FE    STOP    B                STOP
   24 00000026 00 00 00000000  AREA             data,DATA,READWRITE
   25 00000000 00000000 
              00000000 
              00000000 
              00000000 
              00000000 result  dcd              0,0,0,0,0
   26 00000014                 END
Command Line: --debug --xref --cpu=Cortex-M3 --apcs=interwork --depend=lab1.d -
olab1.o -IC:\Keil\ARM\RV31\INC -IC:\Keil\ARM\CMSIS\Include -IC:\Keil\ARM\Inc\NX
P\LPC17xx --predefine="__EVAL SETA 1" --list=lab1.lst lab1.s



ARM Macro Assembler    Page 1 Alphabetic symbol ordering
Relocatable symbols

RESET 00000000

Symbol: RESET
   Definitions
      At line 1 in file lab1.s
   Uses
      None
Comment: RESET unused
__Vectors 00000000

Symbol: __Vectors
   Definitions
      At line 3 in file lab1.s
   Uses
      At line 2 in file lab1.s
Comment: __Vectors used once
2 symbols



ARM Macro Assembler    Page 1 Alphabetic symbol ordering
Relocatable symbols

CODE_SEG 00000000

Symbol: CODE_SEG
   Definitions
      At line 7 in file lab1.s
   Uses
      None
Comment: CODE_SEG unused
Reset_Handler 00000000

Symbol: Reset_Handler
   Definitions
      At line 10 in file lab1.s
   Uses
      At line 5 in file lab1.s
      At line 9 in file lab1.s

STOP 00000024

Symbol: STOP
   Definitions
      At line 23 in file lab1.s
   Uses
      At line 23 in file lab1.s
Comment: STOP used once
back 00000010

Symbol: back
   Definitions
      At line 16 in file lab1.s
   Uses
      At line 22 in file lab1.s
Comment: back used once
4 symbols



ARM Macro Assembler    Page 1 Alphabetic symbol ordering
Relocatable symbols

data 00000000

Symbol: data
   Definitions
      At line 24 in file lab1.s
   Uses
      None
Comment: data unused
result 00000000

Symbol: result
   Definitions
      At line 25 in file lab1.s
   Uses
      At line 11 in file lab1.s
Comment: result used once
2 symbols
341 symbols in table
