<html>
<body>
<pre>
<h1>µVision Build Log</h1>
<h2>Project:</h2>
C:\Users\kashi\OneDrive - Manipal Academy of Higher Education\210911382\EMBEDDED C\LAB5\Q1.uvproj
Project File Date:  10/24/2023

<h2>Output:</h2>
Build target 'Target 1'
compiling Q1.c...
Q1.c(24): warning:  #1-D: last line of file ends without a newline
compiling system_LPC17xx.c...
linking...
Program Size: Code=1488 RO-data=312 RW-data=12 ZI-data=612  
"Q1.axf" - 0 Error(s), 1 Warning(s).
Build target 'Target 1'
linking...
Program Size: Code=1488 RO-data=312 RW-data=12 ZI-data=612  
"Q1.axf" - 0 Error(s), 0 Warning(s).
Build target 'Target 1'
compiling Q1.c...
Q1.c(24): warning:  #1-D: last line of file ends without a newline
linking...
Program Size: Code=1488 RO-data=312 RW-data=12 ZI-data=612  
"Q1.axf" - 0 Error(s), 1 Warning(s).
Build target 'Target 1'
linking...
Program Size: Code=1488 RO-data=312 RW-data=12 ZI-data=612  
"Q1.axf" - 0 Error(s), 0 Warning(s).
