ARM Linker, 5.03 [Build 24] [MDK-ARM Lite]

==============================================================================

Section Cross References

    lab1q3.o(RESET) refers to lab1q3.o(CODE_SEG) for Reset_Handler
    lab1q3.o(CODE_SEG) refers to lab1q3.o(DATA_SEG) for RES


==============================================================================

Image Symbol Table

    Local Symbols

    Symbol Name                              Value     Ov Type        Size  Object(Section)

    RESET                                    0x00000000   Section        8  lab1q3.o(RESET)
    Lab1Q3.asm                               0x00000000   Number         0  lab1q3.o ABSOLUTE
    CODE_SEG                                 0x00000008   Section       80  lab1q3.o(CODE_SEG)
    SRC1                                     0x0000002c   Data          16  lab1q3.o(CODE_SEG)
    SRC2                                     0x0000003c   Data          16  lab1q3.o(CODE_SEG)
    DATA_SEG                                 0x10000000   Section        4  lab1q3.o(DATA_SEG)
    RES                                      0x10000000   Data           4  lab1q3.o(DATA_SEG)

    Global Symbols

    Symbol Name                              Value     Ov Type        Size  Object(Section)

    BuildAttributes$$THM_ISAv4$P$D$K$B$S$PE$A:L22UL41UL21$X:L11$S22US41US21$IEEE1$IW$USESV6$~STKCKD$USESV7$~SHL$OSPACE$EBA8$STANDARDLIB$PRES8$EABIv2 0x00000000   Number         0  anon$$obj.o ABSOLUTE
    __Vectors                                0x00000000   Data           0  lab1q3.o(RESET)
    Reset_Handler                            0x00000009   Thumb Code     0  lab1q3.o(CODE_SEG)



==============================================================================

Memory Map of the image

  Image Entry point : 0x00000009

  Load Region LR_1 (Base: 0x00000000, Size: 0x0000005c, Max: 0xffffffff, ABSOLUTE)

    Execution Region ER_RO (Base: 0x00000000, Size: 0x00000058, Max: 0xffffffff, ABSOLUTE)

    Base Addr    Size         Type   Attr      Idx    E Section Name        Object

    0x00000000   0x00000008   Data   RO            1    RESET               lab1q3.o
    0x00000008   0x00000050   Code   RO            2  * CODE_SEG            lab1q3.o


    Execution Region ER_RW (Base: 0x10000000, Size: 0x00000004, Max: 0xffffffff, ABSOLUTE)

    Base Addr    Size         Type   Attr      Idx    E Section Name        Object

    0x10000000   0x00000004   Data   RW            3    DATA_SEG            lab1q3.o


    Execution Region ER_ZI (Base: 0x10000004, Size: 0x00000000, Max: 0xffffffff, ABSOLUTE)

    **** No section assigned to this execution region ****


==============================================================================

Image component sizes


      Code (inc. data)   RO Data    RW Data    ZI Data      Debug   Object Name

        80         46          8          4          0        200   lab1q3.o

    ----------------------------------------------------------------------
        80         46          8          4          0        200   Object Totals
         0          0          0          0          0          0   (incl. Generated)
         0          0          0          0          0          0   (incl. Padding)

    ----------------------------------------------------------------------
         0          0          0          0          0          0   Library Totals
         0          0          0          0          0          0   (incl. Padding)

    ----------------------------------------------------------------------

==============================================================================


      Code (inc. data)   RO Data    RW Data    ZI Data      Debug   

        80         46          8          4          0        200   Grand Totals
        80         46          8          4          0        200   ELF Image Totals
        80         46          8          4          0          0   ROM Totals

==============================================================================

    Total RO  Size (Code + RO Data)                   88 (   0.09kB)
    Total RW  Size (RW Data + ZI Data)                 4 (   0.00kB)
    Total ROM Size (Code + RO Data + RW Data)         92 (   0.09kB)

==============================================================================

