


ARM Macro Assembler    Page 1 


    1 00000000                 AREA             RESET,DATA,READONLY
    2 00000000                 EXPORT           __Vectors
    3 00000000         
    4 00000000         __Vectors
    5 00000000 10010000        DCD              0X10010000
    6 00000004 00000000        DCD              Reset_Handler
    7 00000008         
    8 00000008                 ALIGN
    9 00000008                 AREA             CODE_SEG, CODE, READONLY
   10 00000000                 ENTRY
   11 00000000                 EXPORT           Reset_Handler
   12 00000000         Reset_Handler
   13 00000000 4810            LDR              R0,=SRC1
   14 00000002 4911            LDR              R1,=SRC2
   15 00000004 4D11            LDR              R5,=RES
   16 00000006 F04F 0604       MOV              R6,#4
   17 0000000A         UP
   18 0000000A F850 2B04       LDR              R2,[R0],#4
   19 0000000E F851 3B04       LDR              R3,[R1],#4
   20 00000012 EB72 0403       SBCS             R4,R2,R3
   21 00000016 F845 4B04       STR              R4,[R5],#4
   22 0000001A F1A6 0601       SUB              R6,#1
   23 0000001E D1F4            BNE              UP
   24 00000020 E7FE    STOP    B                STOP
   25 00000022 00 00 741235FA 
              ABCDEF12 
              98765432 
              56789034 SRC1    DCD              0X741235FA,0XABCDEF12,0X9876543
2,0X56789034
   26 00000034 A145ADFC 
              12345678 
              11111111 
              AB123123 SRC2    DCD              0XA145ADFC,0X12345678,0X1111111
1,0XAB123123
   27 00000044 00000000 
              00000000 
              00000000         AREA             DATA_SEG,READWRITE
   28 00000000 00000000 
                       RES     DCD              0
   29 00000004                 END
Command Line: --debug --xref --cpu=Cortex-M3 --apcs=interwork --depend=Lab1Q3.d
 -oLab1Q3.o -IC:\Keil_v5\ARM\RV31\INC -IC:\Keil_v5\ARM\CMSIS\Include -IC:\Keil_
v5\ARM\Inc\NXP\LPC17xx --predefine="__EVAL SETA 1" --list=Lab1Q3.lst Lab1Q3.asm



ARM Macro Assembler    Page 1 Alphabetic symbol ordering
Relocatable symbols

RESET 00000000

Symbol: RESET
   Definitions
      At line 1 in file Lab1Q3.asm
   Uses
      None
Comment: RESET unused
__Vectors 00000000

Symbol: __Vectors
   Definitions
      At line 4 in file Lab1Q3.asm
   Uses
      At line 2 in file Lab1Q3.asm
Comment: __Vectors used once
2 symbols



ARM Macro Assembler    Page 1 Alphabetic symbol ordering
Relocatable symbols

CODE_SEG 00000000

Symbol: CODE_SEG
   Definitions
      At line 9 in file Lab1Q3.asm
   Uses
      None
Comment: CODE_SEG unused
Reset_Handler 00000000

Symbol: Reset_Handler
   Definitions
      At line 12 in file Lab1Q3.asm
   Uses
      At line 6 in file Lab1Q3.asm
      At line 11 in file Lab1Q3.asm

SRC1 00000024

Symbol: SRC1
   Definitions
      At line 25 in file Lab1Q3.asm
   Uses
      At line 13 in file Lab1Q3.asm
Comment: SRC1 used once
SRC2 00000034

Symbol: SRC2
   Definitions
      At line 26 in file Lab1Q3.asm
   Uses
      At line 14 in file Lab1Q3.asm
Comment: SRC2 used once
STOP 00000020

Symbol: STOP
   Definitions
      At line 24 in file Lab1Q3.asm
   Uses
      At line 24 in file Lab1Q3.asm
Comment: STOP used once
UP 0000000A

Symbol: UP
   Definitions
      At line 17 in file Lab1Q3.asm
   Uses
      At line 23 in file Lab1Q3.asm
Comment: UP used once
6 symbols



ARM Macro Assembler    Page 1 Alphabetic symbol ordering
Relocatable symbols

DATA_SEG 00000000

Symbol: DATA_SEG
   Definitions
      At line 27 in file Lab1Q3.asm
   Uses
      None
Comment: DATA_SEG unused
RES 00000000

Symbol: RES
   Definitions
      At line 28 in file Lab1Q3.asm
   Uses
      At line 15 in file Lab1Q3.asm
Comment: RES used once
2 symbols
343 symbols in table
